

q['interactive']
{'resources_assigned': {'mem': ['92341796864b'], 'vmem': ['0b'], 'nodect': ['5']}, 'acl_hosts': ['c14n09+c14n10+c14n11+c14n12+c15n01+c15n02+c15n03+c15n04+c15n05+c15n06+c15n07+c15n08+c15n09+c15n10+c15n11+c15n12+c16n01+c16n02+c16n03+c16n04+c16n05+c16n06+c16n07+c16n08+c16n09+c16n10+c16n11+c16n12+c17n01+c17n02+c17n03+c17n04+c17n05+c17n06+c17n07+c17n08+c17n09+c17n10+c17n11+c17n12+c18n01+c18n02+c18n03+c18n04+c18n05+c18n06+c18n07+c18n08+c18n09+c18n10+c18n11+c18n12+c19n01+c19n02+c19n03+c19n04+c19n05+c19n06+c19n07+c19n08+c19n09+c19n10+c19n11+c19n12+c20n01+c20n02+c20n03+c20n04+c20n05+c20n06+c20n07+c20n08+c20n09+c20n10+c20n11+c20n12+c21n01+c21n02+c21n03+c21n04+c21n05+c21n06+c21n07+c21n08+c21n09+c21n10+c21n11+c21n12+c22n01+c22n02+c22n03+c22n04+c22n05+c22n06+c22n07+c22n08+c22n09+c22n10+c22n11+c22n12+c23n01+c23n02+c23n03+c23n04+c23n05+c23n06+c23n07+c23n08+c23n09+c23n10+c23n11+c23n12+c24n01+c24n02+c24n03+c24n04+c24n05+c24n06+c24n07+c24n08+c24n09+c24n10+c24n11+c24n12+c25n01+c25n02+c25n03+c25n04+c25n05+c25n06+c25n07+c25n08+c25n09+c25n10+c25n11+c25n12'], 'disallowed_types': ['batch'], 'state_count': ['Transit:0 Queued:1 Held:0 Waiting:0 Running:18 Exiting:0 Complete:0 '], 'started': ['True'], 'enabled': ['True'], 'resources_max': {'walltime': ['24:00:00']}, 'resources_default': {'walltime': ['24:00:00']}, 'queue_type': ['Execution'], 'mtime': ['1471893504'], 'total_jobs': ['19']}
>>> 

>>> l=p.getnodes()
>>> l[4]
Traceback (most recent call last):
  File "<stdin>", line 1, in <module>
KeyError: 4
>>> l['c14n01']
{'status': {'sessions': ['2721'], 'macaddr': ['00:0e:1e:a0:e7:a0'], 'jobs': [], 'gres': [], 'nusers': ['1'], 'idletime': ['3656494'], 'rectime': ['1473205630'], 'nsessions': ['1'], 'physmem': ['131467844kb'], 'totmem': ['148245056kb'], 'netload': ['236160408408'], 'loadave': ['0.00'], 'state': ['free'], 'uname': ['Linux c14n01.ruddle.hpc.yale.internal 3.10.0-327.10.1.el7.x86_64 #1 SMP Sat Jan 23 04:54:55 EST 2016 x86_64'], 'opsys': ['linux'], 'cpuclock': ['Fixed'], 'ncpus': ['20'], 'availmem': ['145008028kb'], 'varattr': []}, 'mom_manager_port': ['15003'], 'ntype': ['cluster'], 'state': ['free'], 'mom_service_port': ['15002'], 'power_state': ['Running'], 'np': ['20'], 'properties': ['default', 'interactive']}


>>> j[4]
Traceback (most recent call last):
  File "<stdin>", line 1, in <module>
KeyError: 4
>>> j.keys()
['2182250.mgt1.ruddle.hpc.yale.internal', '2182052.mgt1.ruddle.hpc.yale.internal', '2181356.mgt1.ruddle.hpc.yale.internal', '2182254.mgt1.ruddle.hpc.yale.internal', '2181975.mgt1.ruddle.hpc.yale.internal', '2181933.mgt1.ruddle.hpc.yale.internal', '2182255.mgt1.ruddle.hpc.yale.internal', '2182080.mgt1.ruddle.hpc.yale.internal', '2182202.mgt1.ruddle.hpc.yale.internal', '2181843.mgt1.ruddle.hpc.yale.internal', '2182182.mgt1.ruddle.hpc.yale.internal', '2182186.mgt1.ruddle.hpc.yale.internal', '2182079.mgt1.ruddle.hpc.yale.internal', '2181875.mgt1.ruddle.hpc.yale.internal', '2182253.mgt1.ruddle.hpc.yale.internal', '2181320.mgt1.ruddle.hpc.yale.internal', '2182110.mgt1.ruddle.hpc.yale.internal', '2182261.mgt1.ruddle.hpc.yale.internal', '2181976.mgt1.ruddle.hpc.yale.internal', '2181989.mgt1.ruddle.hpc.yale.internal', '2182251.mgt1.ruddle.hpc.yale.internal', '2182258.mgt1.ruddle.hpc.yale.internal', '2182128.mgt1.ruddle.hpc.yale.internal', '2182112.mgt1.ruddle.hpc.yale.internal', '2181358.mgt1.ruddle.hpc.yale.internal', '2182204.mgt1.ruddle.hpc.yale.internal', '2181707.mgt1.ruddle.hpc.yale.internal', '2182203.mgt1.ruddle.hpc.yale.internal', '2182176.mgt1.ruddle.hpc.yale.internal', '2182179.mgt1.ruddle.hpc.yale.internal', '2182257.mgt1.ruddle.hpc.yale.internal', '2182138.mgt1.ruddle.hpc.yale.internal', '2159232.mgt1.ruddle.hpc.yale.internal', '2182187.mgt1.ruddle.hpc.yale.internal', '2182191.mgt1.ruddle.hpc.yale.internal', '2182127.mgt1.ruddle.hpc.yale.internal', '2182180.mgt1.ruddle.hpc.yale.internal', '2182252.mgt1.ruddle.hpc.yale.internal', '2182260.mgt1.ruddle.hpc.yale.internal', '2182184.mgt1.ruddle.hpc.yale.internal', '2182190.mgt1.ruddle.hpc.yale.internal', '2181936.mgt1.ruddle.hpc.yale.internal', '2182034.mgt1.ruddle.hpc.yale.internal', '2181708.mgt1.ruddle.hpc.yale.internal', '2181987.mgt1.ruddle.hpc.yale.internal', '2182185.mgt1.ruddle.hpc.yale.internal', '2181978.mgt1.ruddle.hpc.yale.internal', '2181470.mgt1.ruddle.hpc.yale.internal', '2181876.mgt1.ruddle.hpc.yale.internal', '2182259.mgt1.ruddle.hpc.yale.internal', '2182256.mgt1.ruddle.hpc.yale.internal', '2181917.mgt1.ruddle.hpc.yale.internal', '2182183.mgt1.ruddle.hpc.yale.internal', '2179009.mgt1.ruddle.hpc.yale.internal', '2181909.mgt1.ruddle.hpc.yale.internal', '2181973.mgt1.ruddle.hpc.yale.internal', '2182175.mgt1.ruddle.hpc.yale.internal', '2182189.mgt1.ruddle.hpc.yale.internal', '2182010.mgt1.ruddle.hpc.yale.internal', '2182148.mgt1.ruddle.hpc.yale.internal', '2182181.mgt1.ruddle.hpc.yale.internal', '2182188.mgt1.ruddle.hpc.yale.internal', '2181928.mgt1.ruddle.hpc.yale.internal', '2182178.mgt1.ruddle.hpc.yale.internal', '2182214.mgt1.ruddle.hpc.yale.internal', '2182218.mgt1.ruddle.hpc.yale.internal', '2182139.mgt1.ruddle.hpc.yale.internal', '2182177.mgt1.ruddle.hpc.yale.internal', '2181977.mgt1.ruddle.hpc.yale.internal', '2181935.mgt1.ruddle.hpc.yale.internal', '2181263.mgt1.ruddle.hpc.yale.internal', '2182210.mgt1.ruddle.hpc.yale.internal']
>>> j['2181876.mgt1.ruddle.hpc.yale.internal']
{'qtime': ['1473178744'], 'Hold_Types': ['n'], 'Checkpoint': ['u'], 'Join_Path': ['n'], 'mtime': ['1473178746'], 'Error_Path': ['ruddle2.ruddle.hpc.yale.internal:/ycga-gpfs/project/ycga/mane/jk2269/working/Hildebrandt_VCF_Sep2016/./RMS_gatkExome/worker2.pbs.err'], 'resources_used': {'mem': ['50596708kb'], 'vmem': ['147644940kb'], 'cput': ['83:30:24'], 'walltime': ['07:32:16'], 'energy_used': ['0']}, 'egroup': ['mane'], 'job_state': ['R'], 'submit_host': ['ruddle2.ruddle.hpc.yale.internal'], 'etime': ['1473178744'], 'fault_tolerant': ['False'], 'job_radix': ['0'], 'exec_host': ['c23n03/0-19'], 'Walltime': {'Remaining': ['577612']}, 'euser': ['jk2269'], 'Resource_List': {'nodes': ['1:ppn=20'], 'walltime': ['168:00:00'], 'nodect': ['1']}, 'Keep_Files': ['n'], 'Mail_Points': ['a'], 'start_time': ['1473178746'], 'start_count': ['1'], 'submit_args': ['./RMS_gatkExome/worker2.pbs'], 'Priority': ['0'], 'ctime': ['1473178744'], 'Rerunable': ['False'], 'session_id': ['24846'], 'server': ['mgt1.ruddle.hpc.yale.internal'], 'queue': ['default'], 'queue_type': ['E'], 'Output_Path': ['ruddle2.ruddle.hpc.yale.internal:/ycga-gpfs/project/ycga/mane/jk2269/working/Hildebrandt_VCF_Sep2016/./RMS_gatkExome/worker2.pbs.out'], 'exec_port': ['15003'], 'Job_Owner': ['jk2269@ruddle2'], 'Job_Name': ['worker2.pbs']}


pyslurm node output:
{u'features': 'nx360', u'weight': 10, u'energy': {u'current_watts': 0, u'consumed_energy': 0, u'base_watts': 0, u'previous_consumed_energy': 0, u'base_consumed_energy': 0}, u'cpus': 20, u'cpu_spec_list': [], u'owner': None, u'gres_drain': 'N/A', u'real_memory': 124000, u'tmp_disk': 0, u'slurmd_start_time': 1487368058, u'features_active': 'nx360', u'reason_time': None, u'mcs_label': None, u'sockets': 2, u'alloc_mem': 30000, u'state': 'MIXED', u'version': u'16.05', u'node_hostname': u'c16n07', u'power_mgmt': {u'cap_watts': None}, u'core_spec_cnt': 0, u'err_cpus': 0, u'reason': None, u'alloc_cpus': 3, u'threads': 1, u'boot_time': 1487368042, u'cores': 10, u'reason_uid': None, u'node_addr': u'c16n07', u'arch': u'x86_64', u'name': u'c16n07', u'boards': 1, u'gres': [], u'free_mem': 121260, u'tres_fmt_str': u'cpu=20,mem=124000M', u'gres_used': ['gpu:0'], u'mem_spec_limit': 0, u'os': u'Linux', u'cpu_load': 317}

pyslurm job output:
{u'qos': u'normal', u'sockets_per_node': 65534, u'job_id': 64953, u'pn_min_tmp_disk': 0, u'job_state': 'RUNNING', u'bitflags': 0, u'cpu_freq_gov': None, u'ntasks_per_socket': 65535, u'nodes': u'c16n07', u'suspend_time': 0, u'block_id': None, u'alloc_sid': 28141, u'std_in': '/dev/null', u'start_time': 1487960572, u'submit_time': 1487960572, u'min_memory_cpu': None, u'rotate': False, u'name': u'n30p40', u'ntasks_per_board': 0, u'conn_type': 'n/a', u'time_limit_str': u'30-00:00:00', u'show_flags': 6, u'group_id': 10209, u'core_spec': 65534, u'alloc_node': u'farnam2', u'std_out': '/ysm-gpfs/home/sjt49/NHC/GenRunV15/slurm-64953.out', u'tres_req_str': u'cpu=1,mem=10000,node=1', u'eligible_time': 1487960572, u'contiguous': False, u'ramdisk_image': None, u'req_switch': 0, u'licenses': {}, u'network': None, u'array_task_id': None, u'cpus_allocated': {'c16n07': 1}, u'max_nodes': 0, u'reboot': 0, u'num_nodes': 1, u'batch_script': None, u'batch_flag': 1, u'shared': u'OK', u'end_time': 1490552572, u'ntasks_per_node': 0, u'cpu_freq_min': None, u'array_job_id': None, u'pn_min_memory': 10000, u'run_time': 1026335, u'wckey': None, u'burst_buffer': None, u'time_min': 0, u'resize_time': 0, u'cores_per_socket': 65534, u'dependency': None, u'cpu_freq_max': None, u'resv_name': None, u'boards_per_node': 0, u'comment': None, u'features': [], u'time_limit': 43200, u'preempt_time': None, u'array_max_tasks': None, u'user_id': 13229, u'ntasks_per_core': 65535, u'work_dir': u'/ysm-gpfs/home/sjt49/NHC/GenRunV15', u'assoc_id': 539, u'priority': 32970, u'power_flags': 0, u'pn_min_cpus': 1, u'billable_tres': 1.0, u'linux_image': None, u'ionodes': None, u'blrts_image': None, u'tres_alloc_str': u'cpu=1,mem=10000M,node=1', u'wait4switch': 0, u'run_time_str': u'11-21:05:35', u'account': u'ma', u'gres': [], u'batch_host': u'c16n07', u'requeue': True, u'exc_nodes': [], u'std_err': '/ysm-gpfs/home/sjt49/NHC/GenRunV15/slurm-64953.out', u'cnode_cnt': None, u'array_task_str': None, u'command': u'/ysm-gpfs/home/sjt49/NHC/GenRunV15/GenRunV14_n30_p40_R10000', u'resv_id': None, u'state_reason': 'None', u'num_cpus': 1, u'exit_code': '0:0', u'mloader_image': None, u'max_cpus': 0, u'nice': 0, u'profile': 0, u'altered': None, u'cpus_per_task': 1, u'req_nodes': [], u'mem_per_cpu': False, u'restart_cnt': 0, u'partition': 'general', u'mem_per_node': True, u'min_memory_node': 10000, u'derived_ec': '0:0', u'sockets_per_board': 0, u'threads_per_core': 65534}

multinode job:
{u'qos': u'normal', u'sockets_per_node': 65534, u'job_id': 267872, u'pn_min_tmp_disk': 0, u'job_state': 'RUNNING', u'bitflags': 0, u'cpu_freq_gov': None, u'ntasks_per_socket': 65535, u'nodes': u'c22n[04-05,07-10]', u'suspend_time': 0, u'block_id': None, u'alloc_sid': 31602, u'std_in': None, u'start_time': 1488856860, u'submit_time': 1488856848, u'min_memory_cpu': None, u'rotate': False, u'name': u'cmsearch-sq', u'ntasks_per_board': 0, u'conn_type': 'n/a', u'time_limit_str': u'7-00:00:00', u'show_flags': 6, u'group_id': 10049, u'core_spec': 65534, u'alloc_node': u'farnam2', u'std_out': None, u'tres_req_str': u'cpu=96,mem=614400,node=6', u'eligible_time': 1488856848, u'contiguous': False, u'ramdisk_image': None, u'req_switch': 0, u'licenses': {}, u'network': None, u'array_task_id': None, u'cpus_allocated': {'c22n09': 16, 'c22n08': 16, 'c22n10': 16, 'c22n05': 16, 'c22n04': 16, 'c22n07': 16}, u'max_nodes': 0, u'reboot': 0, u'num_nodes': 6, u'batch_script': None, u'batch_flag': 0, u'shared': u'OK', u'end_time': 1489461660, u'ntasks_per_node': 16, u'cpu_freq_min': None, u'array_job_id': None, u'pn_min_memory': 102400, u'run_time': 130047, u'wckey': None, u'burst_buffer': None, u'time_min': 0, u'resize_time': 0, u'cores_per_socket': 65534, u'dependency': None, u'cpu_freq_max': None, u'resv_name': None, u'boards_per_node': 0, u'comment': None, u'features': [], u'time_limit': 10080, u'preempt_time': None, u'array_max_tasks': None, u'user_id': 13297, u'ntasks_per_core': 65535, u'work_dir': u'/ysm-gpfs/project/gsm34/runs', u'assoc_id': 864, u'priority': 13540, u'power_flags': 0, u'pn_min_cpus': 16, u'billable_tres': 96.0, u'linux_image': None, u'ionodes': None, u'blrts_image': None, u'tres_alloc_str': u'cpu=96,mem=600G,node=6', u'wait4switch': 0, u'run_time_str': u'1-12:07:27', u'account': u'breaker', u'gres': [], u'batch_host': u'c22n04', u'requeue': True, u'exc_nodes': [], u'std_err': None, u'cnode_cnt': None, u'array_task_str': None, u'command': None, u'resv_id': None, u'state_reason': 'None', u'num_cpus': 96, u'exit_code': '0:0', u'mloader_image': None, u'max_cpus': 0, u'nice': 0, u'profile': 0, u'altered': None, u'cpus_per_task': 1, u'req_nodes': [], u'mem_per_cpu': False, u'restart_cnt': 0, u'partition': 'scavenge', u'mem_per_node': True, u'min_memory_node': 102400, u'derived_ec': '0:0', u'sockets_per_board': 0, u'threads_per_core': 65534}

--mem=3G -N 2
{u'qos': u'normal', u'sockets_per_node': 65534, u'job_id': 286851, u'pn_min_tmp_disk': 0, u'job_state': 'RUNNING', u'bitflags': 0, u'cpu_freq_gov': None, u'ntasks_per_socket': 65535, u'nodes': u'c14n[11-12]', u'suspend_time': 0, u'block_id': None, u'alloc_sid': 30249, u'std_in': None, u'start_time': 1488987625, u'submit_time': 1488987625, u'min_memory_cpu': None, u'rotate': False, u'name': u'ROB', u'ntasks_per_board': 0, u'conn_type': 'n/a', u'time_limit_str': u'7-00:00:00', u'show_flags': 6, u'group_id': 10555, u'core_spec': 65534, u'alloc_node': u'farnam2', u'std_out': None, u'tres_req_str': u'cpu=2,mem=6144,node=2', u'eligible_time': 1488987625, u'contiguous': False, u'ramdisk_image': None, u'req_switch': 0, u'licenses': {}, u'network': None, u'array_task_id': None, u'cpus_allocated': {'c14n12': 1, 'c14n11': 1}, u'max_nodes': 0, u'reboot': 0, u'num_nodes': 2, u'batch_script': None, u'batch_flag': 0, u'shared': u'OK', u'end_time': 1489592425, u'ntasks_per_node': 0, u'cpu_freq_min': None, u'array_job_id': None, u'pn_min_memory': 3072, u'run_time': 39, u'wckey': None, u'burst_buffer': None, u'time_min': 0, u'resize_time': 0, u'cores_per_socket': 65534, u'dependency': None, u'cpu_freq_max': None, u'resv_name': None, u'boards_per_node': 0, u'comment': None, u'features': [], u'time_limit': 10080, u'preempt_time': None, u'array_max_tasks': None, u'user_id': 10017, u'ntasks_per_core': 65535, u'work_dir': u'/ysm-gpfs/home/rdb9', u'assoc_id': 7, u'priority': 34736, u'power_flags': 0, u'pn_min_cpus': 1, u'billable_tres': 4294967294.0, u'linux_image': None, u'ionodes': None, u'blrts_image': None, u'tres_alloc_str': u'cpu=2,mem=6G,node=2', u'wait4switch': 0, u'run_time_str': u'00:00:39', u'account': u'lsprog', u'gres': [], u'batch_host': u'c14n11', u'requeue': True, u'exc_nodes': [], u'std_err': None, u'cnode_cnt': None, u'array_task_str': None, u'command': u'bash', u'resv_id': None, u'state_reason': 'None', u'num_cpus': 2, u'exit_code': '0:0', u'mloader_image': None, u'max_cpus': 0, u'nice': 0, u'profile': 0, u'altered': None, u'cpus_per_task': 1, u'req_nodes': [], u'mem_per_cpu': False, u'restart_cnt': 0, u'partition': 'general', u'mem_per_node': True, u'min_memory_node': 3072, u'derived_ec': '0:0', u'sockets_per_board': 0, u'threads_per_core': 65534}

--mem-per-cpu=3G -N 2
{u'qos': u'normal', u'sockets_per_node': 65534, u'job_id': 286852, u'pn_min_tmp_disk': 0, u'job_state': 'RUNNING', u'bitflags': 0, u'cpu_freq_gov': None, u'ntasks_per_socket': 65535, u'nodes': u'c20n[09-10]', u'suspend_time': 0, u'block_id': None, u'alloc_sid': 30249, u'std_in': None, u'start_time': 1488987762, u'submit_time': 1488987762, u'min_memory_cpu': 3072, u'rotate': False, u'name': u'ROB', u'ntasks_per_board': 0, u'conn_type': 'n/a', u'time_limit_str': u'7-00:00:00', u'show_flags': 6, u'group_id': 10555, u'core_spec': 65534, u'alloc_node': u'farnam2', u'std_out': None, u'tres_req_str': u'cpu=2,mem=6144,node=2', u'eligible_time': 1488987762, u'contiguous': False, u'ramdisk_image': None, u'req_switch': 0, u'licenses': {}, u'network': None, u'array_task_id': None, u'cpus_allocated': {'c20n09': 1, 'c20n10': 1}, u'max_nodes': 0, u'reboot': 0, u'num_nodes': 2, u'batch_script': None, u'batch_flag': 0, u'shared': u'OK', u'end_time': 1489592562, u'ntasks_per_node': 0, u'cpu_freq_min': None, u'array_job_id': None, u'pn_min_memory': 3072, u'run_time': 7, u'wckey': None, u'burst_buffer': None, u'time_min': 0, u'resize_time': 0, u'cores_per_socket': 65534, u'dependency': None, u'cpu_freq_max': None, u'resv_name': None, u'boards_per_node': 0, u'comment': None, u'features': [], u'time_limit': 10080, u'preempt_time': None, u'array_max_tasks': None, u'user_id': 10017, u'ntasks_per_core': 65535, u'work_dir': u'/ysm-gpfs/home/rdb9', u'assoc_id': 7, u'priority': 34736, u'power_flags': 0, u'pn_min_cpus': 1, u'billable_tres': 4294967294.0, u'linux_image': None, u'ionodes': None, u'blrts_image': None, u'tres_alloc_str': u'cpu=2,mem=6G,node=2', u'wait4switch': 0, u'run_time_str': u'00:00:07', u'account': u'lsprog', u'gres': [], u'batch_host': u'c20n09', u'requeue': True, u'exc_nodes': [], u'std_err': None, u'cnode_cnt': None, u'array_task_str': None, u'command': u'bash', u'resv_id': None, u'state_reason': 'None', u'num_cpus': 2, u'exit_code': '0:0', u'mloader_image': None, u'max_cpus': 0, u'nice': 0, u'profile': 0, u'altered': None, u'cpus_per_task': 1, u'req_nodes': [], u'mem_per_cpu': True, u'restart_cnt': 0, u'partition': 'general', u'mem_per_node': False, u'min_memory_node': None, u'derived_ec': '0:0', u'sockets_per_board': 0, u'threads_per_core': 65534}
